Java HotSpot(TM) 64-Bit Server VM (25.151-b12) for windows-amd64 JRE (1.8.0_151-b12), built on Sep  5 2017 19:33:46 by "java_re" with MS VC++ 10.0 (VS2010)
Memory: 4k page, physical 7655164k(2702956k free), swap 15308424k(6937924k free)
CommandLine flags: -XX:InitialHeapSize=20971520 -XX:MaxHeapSize=20971520 -XX:MaxNewSize=10485760 -XX:NewSize=10485760 -XX:+PrintGC -XX:+PrintGCDateStamps -XX:+PrintGCDetails -XX:+PrintGCTimeStamps -XX:SurvivorRatio=8 -XX:+UseCompressedClassPointers -XX:+UseCompressedOops -XX:-UseLargePagesIndividualAllocation -XX:+UseParallelGC 
2019-03-01T18:12:18.710+0800: 0.703: [GC (Allocation Failure) [PSYoungGen: 7292K->728K(9216K)] 7292K->6880K(19456K), 0.0090477 secs] [Times: user=0.00 sys=0.00, real=0.01 secs] 
2019-03-01T18:12:18.719+0800: 0.713: [Full GC (Ergonomics) [PSYoungGen: 728K->0K(9216K)] [ParOldGen: 6152K->6769K(10240K)] 6880K->6769K(19456K), [Metaspace: 2674K->2674K(1056768K)], 0.0267421 secs] [Times: user=0.08 sys=0.00, real=0.03 secs] 
Heap
 PSYoungGen      total 9216K, used 3314K [0x00000000ff600000, 0x0000000100000000, 0x0000000100000000)
  eden space 8192K, 40% used [0x00000000ff600000,0x00000000ff93c9d0,0x00000000ffe00000)
  from space 1024K, 0% used [0x00000000ffe00000,0x00000000ffe00000,0x00000000fff00000)
  to   space 1024K, 0% used [0x00000000fff00000,0x00000000fff00000,0x0000000100000000)
 ParOldGen       total 10240K, used 6769K [0x00000000fec00000, 0x00000000ff600000, 0x00000000ff600000)
  object space 10240K, 66% used [0x00000000fec00000,0x00000000ff29c508,0x00000000ff600000)
 Metaspace       used 2681K, capacity 4486K, committed 4864K, reserved 1056768K
  class space    used 288K, capacity 386K, committed 512K, reserved 1048576K
